decrypt:
  my:servers: '[{"host":"example","port":80}]'
paths:
  my:servers:
    value:
    - host: example
      port: 80
    string: '[{"host":"example","port":80}]'
    redacted: '[{"host":"example","port":80}]'
    object: HRAADltdaW50ZXJmYWNlIHt9/4MCAQL/hAABEAAAWP+EKAABF21hcFtzdHJpbmddaW50ZXJmYWNlIHt9/4EEAQL/ggABDAEQAAAs/4IpAAIEaG9zdAZzdHJpbmcMCQAHZXhhbXBsZQRwb3J0BWludDY0BAMA/6A=
    secure: false
    isObject: true
  my:servers[0]:
    value:
      host: example
      port: 80
    string: '{"host":"example","port":80}'
    redacted: '{"host":"example","port":80}'
    object: KBAAF21hcFtzdHJpbmddaW50ZXJmYWNlIHt9/4EEAQL/ggABDAEQAAAs/4IpAAIEcG9ydAVpbnQ2NAQDAP+gBGhvc3QGc3RyaW5nDAkAB2V4YW1wbGU=
    secure: false
    isObject: true
  my:servers[0].host:
    value: example
    string: example
    redacted: example
    object: FBAABnN0cmluZwwJAAdleGFtcGxl
    secure: false
    isObject: false
  my:servers[0].port:
    value: "80"
    string: "80"
    redacted: "80"
    object: DxAABnN0cmluZwwEAAI4MA==
    secure: false
    isObject: false
