decrypt:
  my:testKey: testValue
paths:
  my:testKey:
    value: testValue
    string: testValue
    redacted: testValue
    object: FhAABnN0cmluZwwLAAl0ZXN0VmFsdWU=
    secure: false
    isObject: false
