decrypt:
  my:testKey: secureValue
paths:
  my:testKey:
    value:
      secure: secureValue
    string: secureValue
    redacted: '[secret]'
    object: GBAABnN0cmluZwwNAAtzZWN1cmVWYWx1ZQ==
    secure: true
    isObject: false
    secureValues:
    - secureValue
