decrypt:
  my:names: '["a","b","c"]'
paths:
  my:names:
    value:
    - a
    - b
    - c
    string: '["a","b","c"]'
    redacted: '["a","b","c"]'
    object: HRAADltdaW50ZXJmYWNlIHt9/4MCAQL/hAABEAAAKf+EJgADBnN0cmluZwwDAAFhBnN0cmluZwwDAAFiBnN0cmluZwwDAAFj
    secure: false
    isObject: true
  my:names[0]:
    value: a
    string: a
    redacted: a
    object: DhAABnN0cmluZwwDAAFh
    secure: false
    isObject: false
  my:names[1]:
    value: b
    string: b
    redacted: b
    object: DhAABnN0cmluZwwDAAFi
    secure: false
    isObject: false
  my:names[2]:
    value: c
    string: c
    redacted: c
    object: DhAABnN0cmluZwwDAAFj
    secure: false
    isObject: false
