decrypt:
  my:true: testValue
paths:
  my:true:
    value: testValue
    string: testValue
    redacted: testValue
    object: FhAABnN0cmluZwwLAAl0ZXN0VmFsdWU=
    secure: false
    isObject: false
