decrypt:
  my:nested: '{"test.Key":"value"}'
paths:
  my:nested:
    value:
      test.Key: value
    string: '{"test.Key":"value"}'
    redacted: '{"test.Key":"value"}'
    object: KBAAF21hcFtzdHJpbmddaW50ZXJmYWNlIHt9/4EEAQL/ggABDAEQAAAe/4IbAAEIdGVzdC5LZXkGc3RyaW5nDAcABXZhbHVl
    secure: false
    isObject: true
  my:nested["test.Key"]:
    value: value
    string: value
    redacted: value
    object: EhAABnN0cmluZwwHAAV2YWx1ZQ==
    secure: false
    isObject: false
