decrypt:
  my:outer: '{"inner":0}'
paths:
  my:outer:
    value:
      inner: 0
    string: '{"inner":0}'
    redacted: '{"inner":0}'
    object: KBAAF21hcFtzdHJpbmddaW50ZXJmYWNlIHt9/4EEAQL/ggABDAEQAAAV/4ISAAEFaW5uZXIFaW50NjQEAgAA
    secure: false
    isObject: true
  my:outer.inner:
    value: "0"
    string: "0"
    redacted: "0"
    object: DhAABnN0cmluZwwDAAEw
    secure: false
    isObject: false
