decrypt:
  my:outer: '{"inner":-1}'
paths:
  my:outer:
    value:
      inner: -1
    string: '{"inner":-1}'
    redacted: '{"inner":-1}'
    object: KBAAF21hcFtzdHJpbmddaW50ZXJmYWNlIHt9/4EEAQL/ggABDAEQAAAV/4ISAAEFaW5uZXIFaW50NjQEAgAB
    secure: false
    isObject: true
  my:outer.inner:
    value: "-1"
    string: "-1"
    redacted: "-1"
    object: DxAABnN0cmluZwwEAAItMQ==
    secure: false
    isObject: false
