decrypt:
  my:outer: '{"inner":"0123456"}'
paths:
  my:outer:
    value:
      inner: "0123456"
    string: '{"inner":"0123456"}'
    redacted: '{"inner":"0123456"}'
    object: KBAAF21hcFtzdHJpbmddaW50ZXJmYWNlIHt9/4EEAQL/ggABDAEQAAAd/4IaAAEFaW5uZXIGc3RyaW5nDAkABzAxMjM0NTY=
    secure: false
    isObject: true
  my:outer.inner:
    value: "0123456"
    string: "0123456"
    redacted: "0123456"
    object: FBAABnN0cmluZwwJAAcwMTIzNDU2
    secure: false
    isObject: false
