decrypt:
  my:outer: '{"existing":"existingValue","inner":"value"}'
paths:
  my:outer:
    value:
      existing: existingValue
      inner: value
    string: '{"existing":"existingValue","inner":"value"}'
    redacted: '{"existing":"existingValue","inner":"value"}'
    object: KBAAF21hcFtzdHJpbmddaW50ZXJmYWNlIHt9/4EEAQL/ggABDAEQAAA8/4I5AAIIZXhpc3RpbmcGc3RyaW5nDA8ADWV4aXN0aW5nVmFsdWUFaW5uZXIGc3RyaW5nDAcABXZhbHVl
    secure: false
    isObject: true
  my:outer.existing:
    value: existingValue
    string: existingValue
    redacted: existingValue
    object: GhAABnN0cmluZwwPAA1leGlzdGluZ1ZhbHVl
    secure: false
    isObject: false
  my:outer.inner:
    value: value
    string: value
    redacted: value
    object: EhAABnN0cmluZwwHAAV2YWx1ZQ==
    secure: false
    isObject: false
