decrypt:
  my:name: '[["value"]]'
paths:
  my:name:
    value:
    - - value
    string: '[["value"]]'
    redacted: '[["value"]]'
    object: HRAADltdaW50ZXJmYWNlIHt9/4MCAQL/hAABEAAAKf+EJgABDltdaW50ZXJmYWNlIHt9/4QSAAEGc3RyaW5nDAcABXZhbHVl
    secure: false
    isObject: true
  my:name[0]:
    value:
    - value
    string: '["value"]'
    redacted: '["value"]'
    object: HRAADltdaW50ZXJmYWNlIHt9/4MCAQL/hAABEAAAFf+EEgABBnN0cmluZwwHAAV2YWx1ZQ==
    secure: false
    isObject: true
  my:name[0][0]:
    value: value
    string: value
    redacted: value
    object: EhAABnN0cmluZwwHAAV2YWx1ZQ==
    secure: false
    isObject: false
