decrypt:
  my:servers: '[{"name":"foo"}]'
paths:
  my:servers:
    value:
    - name: foo
    string: '[{"name":"foo"}]'
    redacted: '[{"name":"foo"}]'
    object: HRAADltdaW50ZXJmYWNlIHt9/4MCAQL/hAABEAAARP+EKAABF21hcFtzdHJpbmddaW50ZXJmYWNlIHt9/4EEAQL/ggABDAEQAAAY/4IVAAEEbmFtZQZzdHJpbmcMBQADZm9v
    secure: false
    isObject: true
  my:servers[0]:
    value:
      name: foo
    string: '{"name":"foo"}'
    redacted: '{"name":"foo"}'
    object: KBAAF21hcFtzdHJpbmddaW50ZXJmYWNlIHt9/4EEAQL/ggABDAEQAAAY/4IVAAEEbmFtZQZzdHJpbmcMBQADZm9v
    secure: false
    isObject: true
  my:servers[0].name:
    value: foo
    string: foo
    redacted: foo
    object: EBAABnN0cmluZwwFAANmb28=
    secure: false
    isObject: false
