decrypt:
  my:parent: '{"nested":{"foo":4.2}}'
paths:
  my:parent:
    value:
      nested:
        foo: 4.2
    string: '{"nested":{"foo":4.2}}'
    redacted: '{"nested":{"foo":4.2}}'
    object: KBAAF21hcFtzdHJpbmddaW50ZXJmYWNlIHt9/4EEAQL/ggABDAEQAABB/4I+AAEGbmVzdGVkF21hcFtzdHJpbmddaW50ZXJmYWNlIHt9/4IaAAEDZm9vB2Zsb2F0NjQICgD4zczMzMzMEEA=
    secure: false
    isObject: true
  my:parent.nested:
    value:
      foo: 4.2
    string: '{"foo":4.2}'
    redacted: '{"foo":4.2}'
    object: KBAAF21hcFtzdHJpbmddaW50ZXJmYWNlIHt9/4EEAQL/ggABDAEQAAAd/4IaAAEDZm9vB2Zsb2F0NjQICgD4zczMzMzMEEA=
    secure: false
    isObject: true
  my:parent.nested.foo:
    value: "4.2"
    string: "4.2"
    redacted: "4.2"
    object: EBAABnN0cmluZwwFAAM0LjI=
    secure: false
    isObject: false
