decrypt:
  my:testKey: "10"
paths:
  my:testKey:
    value: "10"
    string: "10"
    redacted: "10"
    object: DxAABnN0cmluZwwEAAIxMA==
    secure: false
    isObject: false
