decrypt:
  my:testKey: "-1"
paths:
  my:testKey:
    value: "-1"
    string: "-1"
    redacted: "-1"
    object: DxAABnN0cmluZwwEAAItMQ==
    secure: false
    isObject: false
