decrypt:
  my:testKey: '[-1]'
paths:
  my:testKey:
    value:
    - -1
    string: '[-1]'
    redacted: '[-1]'
    object: HRAADltdaW50ZXJmYWNlIHt9/4MCAQL/hAABEAAAD/+EDAABBWludDY0BAIAAQ==
    secure: false
    isObject: true
  my:testKey[0]:
    value: "-1"
    string: "-1"
    redacted: "-1"
    object: DxAABnN0cmluZwwEAAItMQ==
    secure: false
    isObject: false
