decrypt:
  my:testKey: '["01"]'
paths:
  my:testKey:
    value:
    - "01"
    string: '["01"]'
    redacted: '["01"]'
    object: HRAADltdaW50ZXJmYWNlIHt9/4MCAQL/hAABEAAAEv+EDwABBnN0cmluZwwEAAIwMQ==
    secure: false
    isObject: true
  my:testKey[0]:
    value: "01"
    string: "01"
    redacted: "01"
    object: DxAABnN0cmluZwwEAAIwMQ==
    secure: false
    isObject: false
