decrypt:
  my:mapKey: '{"a":"b","c":"d"}'
paths:
  my:mapKey:
    value:
      a: b
      c: d
    string: '{"a":"b","c":"d"}'
    redacted: '{"a":"b","c":"d"}'
    object: KBAAF21hcFtzdHJpbmddaW50ZXJmYWNlIHt9/4EEAQL/ggABDAEQAAAh/4IeAAIBYQZzdHJpbmcMAwABYgFjBnN0cmluZwwDAAFk
    secure: false
    isObject: true
  my:mapKey.a:
    value: b
    string: b
    redacted: b
    object: DhAABnN0cmluZwwDAAFi
    secure: false
    isObject: false
  my:mapKey.c:
    value: d
    string: d
    redacted: d
    object: DhAABnN0cmluZwwDAAFk
    secure: false
    isObject: false
